../Drivers/OLED/control_code.c:15:16:screenWriteCommand	32	static
../Drivers/OLED/control_code.c:20:9:screenInit	24	static
../Drivers/OLED/control_code.c:71:6:screenFlash	16	static
../Drivers/OLED/control_code.c:79:6:screenUpdate	40	static
../Drivers/OLED/control_code.c:91:6:screenDrawPixel	16	static
../Drivers/OLED/control_code.c:101:6:screenWriteChar	48	static
../Drivers/OLED/control_code.c:133:6:screenWriteStr	24	static
../Drivers/OLED/control_code.c:146:6:screenClear	8	static
../Drivers/OLED/control_code.c:150:6:screenSetCursor	16	static
